bp_count	34173256
sequence_count	86936
average_length	393.085
standard_deviation_length	106.965
length_min	100
length_max	472
average_gc_content	53.087
standard_deviation_gc_content	2.419
average_gc_ratio	0.890
standard_deviation_gc_ratio	0.089
ambig_char_count	5
ambig_sequence_count	5
average_ambig_chars	0.000
