bp_count	430801718
sequence_count	1092543
average_length	394.311
standard_deviation_length	736.729
length_min	100
length_max	138181
average_gc_content	37.241
standard_deviation_gc_content	10.838
average_gc_ratio	1.917
standard_deviation_gc_ratio	0.855
ambig_char_count	0
ambig_sequence_count	0
average_ambig_chars	0.000
