bp_count	161527046
sequence_count	1254856
average_length	128.722
standard_deviation_length	13.769
length_min	100
length_max	140
average_gc_content	51.454
standard_deviation_gc_content	9.308
average_gc_ratio	1.019
standard_deviation_gc_ratio	0.432
ambig_char_count	0
ambig_sequence_count	0
average_ambig_chars	0.000
