bp_count	82409146
sequence_count	368441
average_length	223.670
standard_deviation_length	56.405
length_min	100
length_max	487
average_gc_content	47.988
standard_deviation_gc_content	8.372
average_gc_ratio	1.151
standard_deviation_gc_ratio	0.395
ambig_char_count	0
ambig_sequence_count	0
average_ambig_chars	0.000
